## Generated by Roundcube Webmail SieveRules Plugin ##

require ["fileinto","vacation"];
# rule:[Out of Office]
if false # true
{
	vacation :days 3 :subject "Out of office" "Went for holiday";
}
# rule:[Spam]
if false # header :contains "Subject" "****SPAM****"
{
	fileinto "Junk";
}
# rule:[Stop]
if false # header :contains "Subject" "contains this text"
{
	stop;
}
